t=   32.0s r=  1.03 cleared=  0.78% eaten=   55 full=0.70 phase=0
t=   62.0s r=  1.89 cleared=  1.42% eaten=   83 full=0.00 phase=0
t=   92.0s r=  2.88 cleared=  2.57% eaten=  139 full=0.29 phase=0
t=  122.0s r=  3.65 cleared=  4.23% eaten=  226 full=0.00 phase=0
t=  152.0s r=  4.67 cleared=  6.31% eaten=  330 full=1.37 phase=0
t=  182.0s r=  5.53 cleared= 20.69% eaten= 1325 full=0.52 phase=0
t=  212.0s r=  6.38 cleared= 25.32% eaten= 1567 full=0.00 phase=0
t=  241.9s r=  7.62 cleared= 33.95% eaten= 2011 full=0.12 phase=0
t=  271.9s r=  8.49 cleared= 42.63% eaten= 2476 full=0.37 phase=0
t=  301.9s r=  9.34 cleared= 51.62% eaten= 2963 full=0.17 phase=0
t=  331.9s r= 10.11 cleared= 73.55% eaten= 4220 full=0.01 phase=0
t=  361.9s r= 10.43 cleared= 96.20% eaten= 5426 full=0.00 phase=0
t=  391.9s r=104.77 cleared= 99.53% eaten= 5654 full=0.00 phase=3
t=   24.5s r=  0.85 cleared=  0.63% eaten=   46 full=0.68 phase=0
t=   54.5s r=  1.61 cleared=  1.05% eaten=   66 full=0.63 phase=0
t=   84.6s r=  2.62 cleared=  2.23% eaten=  119 full=0.00 phase=0
t=  114.6s r=  3.42 cleared=  3.84% eaten=  204 full=1.33 phase=0
t=  144.6s r=  4.54 cleared=  6.02% eaten=  315 full=0.24 phase=0
t=  174.6s r=  5.33 cleared= 19.48% eaten= 1250 full=0.00 phase=0
t=  204.5s r=  6.13 cleared= 22.81% eaten= 1433 full=0.60 phase=0
t=  234.5s r=  7.24 cleared= 31.14% eaten= 1862 full=0.30 phase=0
t=  264.5s r=  8.15 cleared= 40.10% eaten= 2331 full=0.00 phase=0
t=  294.5s r=  9.00 cleared= 48.23% eaten= 2766 full=0.00 phase=0
t=  324.5s r=  9.95 cleared= 66.94% eaten= 3901 full=0.01 phase=0
t=  354.5s r= 10.38 cleared= 91.53% eaten= 5180 full=0.00 phase=0
t=  384.5s r= 21.33 cleared= 99.55% eaten= 5656 full=0.00 phase=1
t=   17.6s r=  0.70 cleared=  0.56% eaten=   42 full=0.50 phase=0
t=   47.6s r=  1.41 cleared=  0.91% eaten=   59 full=0.87 phase=0
milestones: {'25%': 211.95089721679688, '50%': 301.9289245605469, '75%': 361.9142761230469, '99%': None}
